// Jest Snapshot v1, https://goo.gl/fbAQLP

exports[`should render NotFoundPage correctly 1`] = `
<div
  className="content"
>
  not found -
   
  <Link
    replace={false}
    to="/"
  >
    Go to Home
  </Link>
</div>
`;
