// Jest Snapshot v1, https://goo.gl/fbAQLP

exports[`should render Header correctly 1`] = `
<header
  className="header"
>
  <h1
    className="header__title"
  >
    Title
  </h1>
</header>
`;
