// Jest Snapshot v1, https://goo.gl/fbAQLP

exports[`should render Form correctly 1`] = `
<form
  className="pure-form pure-form-aligned"
  onSubmit={[Function]}
>
  <fieldset>
    <div
      className="pure-control-group"
    >
      <label
        htmlFor="date"
      >
        Data
      </label>
      <withStyles(SingleDatePicker)
        anchorDirection="left"
        appendToBody={false}
        block={false}
        calendarInfoPosition="bottom"
        customCloseIcon={null}
        customInputIcon={null}
        date={"1970-01-01T00:00:00.000Z"}
        daySize={39}
        disableScroll={false}
        disabled={false}
        displayFormat={[Function]}
        enableOutsideDays={false}
        firstDayOfWeek={null}
        focused={false}
        hideKeyboardShortcutsPanel={false}
        horizontalMargin={0}
        horizontalMonthPadding={13}
        id="date"
        initialVisibleMonth={null}
        inputIconPosition="before"
        isDayBlocked={[Function]}
        isDayHighlighted={[Function]}
        isOutsideRange={[Function]}
        isRTL={false}
        keepFocusOnInput={false}
        keepOpenOnDateSelect={false}
        monthFormat="MMMM YYYY"
        navNext={null}
        navPrev={null}
        noBorder={false}
        numberOfMonths={1}
        onClose={[Function]}
        onDateChange={[Function]}
        onFocusChange={[Function]}
        onNextMonthClick={[Function]}
        onPrevMonthClick={[Function]}
        openDirection="down"
        orientation="horizontal"
        phrases={
          Object {
            "calendarLabel": "Calendar",
            "chooseAvailableDate": [Function],
            "clearDate": "Clear Date",
            "closeDatePicker": "Close",
            "dateIsSelected": [Function],
            "dateIsUnavailable": [Function],
            "enterKey": "Enter key",
            "escape": "Escape key",
            "hideKeyboardShortcutsPanel": "Close the shortcuts panel.",
            "homeEnd": "Home and end keys",
            "jumpToNextMonth": "Move forward to switch to the next month.",
            "jumpToPrevMonth": "Move backward to switch to the previous month.",
            "keyboardNavigationInstructions": "Press the down arrow key to interact with the calendar and
            select a date. Press the question mark key to get the keyboard shortcuts for changing dates.",
            "keyboardShortcuts": "Keyboard Shortcuts",
            "leftArrowRightArrow": "Right and left arrow keys",
            "moveFocusByOneDay": "Move backward (left) and forward (right) by one day.",
            "moveFocusByOneMonth": "Switch months.",
            "moveFocusByOneWeek": "Move backward (up) and forward (down) by one week.",
            "moveFocustoStartAndEndOfWeek": "Go to the first or last day of a week.",
            "openThisPanel": "Open this panel.",
            "pageUpPageDown": "page up and page down keys",
            "questionMark": "Question mark",
            "returnFocusToInput": "Return to the date input field.",
            "selectFocusedDate": "Select the date in focus.",
            "showKeyboardShortcutsPanel": "Open the keyboard shortcuts panel.",
            "upArrowDownArrow": "up and down arrow keys",
          }
        }
        placeholder="Date"
        readOnly={false}
        regular={false}
        renderCalendarInfo={null}
        renderDayContents={null}
        renderMonthElement={null}
        renderMonthText={null}
        reopenPickerOnClearDate={false}
        required={false}
        screenReaderInputMessage=""
        showClearDate={false}
        showDefaultInputIcon={false}
        small={false}
        verticalHeight={null}
        verticalSpacing={22}
        weekDayFormat="dd"
        withFullScreenPortal={false}
        withPortal={false}
      />
    </div>
    <div
      className="pure-control-group"
    >
      <label
        htmlFor="description"
      >
        Descrição
      </label>
      <input
        name="description"
        onChange={[Function]}
        required={true}
        type="text"
        value=""
      />
    </div>
    <div
      className="pure-control-group"
    >
      <label
        htmlFor="amount"
      >
        Valor
      </label>
      <input
        min="0"
        name="amount"
        onChange={[Function]}
        required={true}
        step="0.01"
        type="number"
        value=""
      />
    </div>
    <div
      className="pure-controls"
    >
      <button
        className="pure-button button-success"
        type="submit"
      >
        Salvar
      </button>
    </div>
  </fieldset>
</form>
`;

exports[`should render Form correctly with expense 1`] = `
<form
  className="pure-form pure-form-aligned"
  onSubmit={[Function]}
>
  <fieldset>
    <div
      className="pure-control-group"
    >
      <label
        htmlFor="date"
      >
        Data
      </label>
      <withStyles(SingleDatePicker)
        anchorDirection="left"
        appendToBody={false}
        block={false}
        calendarInfoPosition="bottom"
        customCloseIcon={null}
        customInputIcon={null}
        date={"1970-01-01T00:00:00.000Z"}
        daySize={39}
        disableScroll={false}
        disabled={false}
        displayFormat={[Function]}
        enableOutsideDays={false}
        firstDayOfWeek={null}
        focused={false}
        hideKeyboardShortcutsPanel={false}
        horizontalMargin={0}
        horizontalMonthPadding={13}
        id="date"
        initialVisibleMonth={null}
        inputIconPosition="before"
        isDayBlocked={[Function]}
        isDayHighlighted={[Function]}
        isOutsideRange={[Function]}
        isRTL={false}
        keepFocusOnInput={false}
        keepOpenOnDateSelect={false}
        monthFormat="MMMM YYYY"
        navNext={null}
        navPrev={null}
        noBorder={false}
        numberOfMonths={1}
        onClose={[Function]}
        onDateChange={[Function]}
        onFocusChange={[Function]}
        onNextMonthClick={[Function]}
        onPrevMonthClick={[Function]}
        openDirection="down"
        orientation="horizontal"
        phrases={
          Object {
            "calendarLabel": "Calendar",
            "chooseAvailableDate": [Function],
            "clearDate": "Clear Date",
            "closeDatePicker": "Close",
            "dateIsSelected": [Function],
            "dateIsUnavailable": [Function],
            "enterKey": "Enter key",
            "escape": "Escape key",
            "hideKeyboardShortcutsPanel": "Close the shortcuts panel.",
            "homeEnd": "Home and end keys",
            "jumpToNextMonth": "Move forward to switch to the next month.",
            "jumpToPrevMonth": "Move backward to switch to the previous month.",
            "keyboardNavigationInstructions": "Press the down arrow key to interact with the calendar and
            select a date. Press the question mark key to get the keyboard shortcuts for changing dates.",
            "keyboardShortcuts": "Keyboard Shortcuts",
            "leftArrowRightArrow": "Right and left arrow keys",
            "moveFocusByOneDay": "Move backward (left) and forward (right) by one day.",
            "moveFocusByOneMonth": "Switch months.",
            "moveFocusByOneWeek": "Move backward (up) and forward (down) by one week.",
            "moveFocustoStartAndEndOfWeek": "Go to the first or last day of a week.",
            "openThisPanel": "Open this panel.",
            "pageUpPageDown": "page up and page down keys",
            "questionMark": "Question mark",
            "returnFocusToInput": "Return to the date input field.",
            "selectFocusedDate": "Select the date in focus.",
            "showKeyboardShortcutsPanel": "Open the keyboard shortcuts panel.",
            "upArrowDownArrow": "up and down arrow keys",
          }
        }
        placeholder="Date"
        readOnly={false}
        regular={false}
        renderCalendarInfo={null}
        renderDayContents={null}
        renderMonthElement={null}
        renderMonthText={null}
        reopenPickerOnClearDate={false}
        required={false}
        screenReaderInputMessage=""
        showClearDate={false}
        showDefaultInputIcon={false}
        small={false}
        verticalHeight={null}
        verticalSpacing={22}
        weekDayFormat="dd"
        withFullScreenPortal={false}
        withPortal={false}
      />
    </div>
    <div
      className="pure-control-group"
    >
      <label
        htmlFor="description"
      >
        Descrição
      </label>
      <input
        name="description"
        onChange={[Function]}
        required={true}
        type="text"
        value="Gum"
      />
    </div>
    <div
      className="pure-control-group"
    >
      <label
        htmlFor="amount"
      >
        Valor
      </label>
      <input
        min="0"
        name="amount"
        onChange={[Function]}
        required={true}
        step="0.01"
        type="number"
        value="0.325"
      />
    </div>
    <div
      className="pure-controls"
    >
      <button
        className="pure-button button-success"
        type="submit"
      >
        Salvar
      </button>
    </div>
  </fieldset>
</form>
`;

exports[`should render error for invalid form submit 1`] = `
<form
  className="pure-form pure-form-aligned"
  onSubmit={[Function]}
>
  <fieldset>
    <div
      className="pure-control-group"
    >
      <label
        htmlFor="date"
      >
        Data
      </label>
      <withStyles(SingleDatePicker)
        anchorDirection="left"
        appendToBody={false}
        block={false}
        calendarInfoPosition="bottom"
        customCloseIcon={null}
        customInputIcon={null}
        date={"1970-01-01T00:00:00.000Z"}
        daySize={39}
        disableScroll={false}
        disabled={false}
        displayFormat={[Function]}
        enableOutsideDays={false}
        firstDayOfWeek={null}
        focused={false}
        hideKeyboardShortcutsPanel={false}
        horizontalMargin={0}
        horizontalMonthPadding={13}
        id="date"
        initialVisibleMonth={null}
        inputIconPosition="before"
        isDayBlocked={[Function]}
        isDayHighlighted={[Function]}
        isOutsideRange={[Function]}
        isRTL={false}
        keepFocusOnInput={false}
        keepOpenOnDateSelect={false}
        monthFormat="MMMM YYYY"
        navNext={null}
        navPrev={null}
        noBorder={false}
        numberOfMonths={1}
        onClose={[Function]}
        onDateChange={[Function]}
        onFocusChange={[Function]}
        onNextMonthClick={[Function]}
        onPrevMonthClick={[Function]}
        openDirection="down"
        orientation="horizontal"
        phrases={
          Object {
            "calendarLabel": "Calendar",
            "chooseAvailableDate": [Function],
            "clearDate": "Clear Date",
            "closeDatePicker": "Close",
            "dateIsSelected": [Function],
            "dateIsUnavailable": [Function],
            "enterKey": "Enter key",
            "escape": "Escape key",
            "hideKeyboardShortcutsPanel": "Close the shortcuts panel.",
            "homeEnd": "Home and end keys",
            "jumpToNextMonth": "Move forward to switch to the next month.",
            "jumpToPrevMonth": "Move backward to switch to the previous month.",
            "keyboardNavigationInstructions": "Press the down arrow key to interact with the calendar and
            select a date. Press the question mark key to get the keyboard shortcuts for changing dates.",
            "keyboardShortcuts": "Keyboard Shortcuts",
            "leftArrowRightArrow": "Right and left arrow keys",
            "moveFocusByOneDay": "Move backward (left) and forward (right) by one day.",
            "moveFocusByOneMonth": "Switch months.",
            "moveFocusByOneWeek": "Move backward (up) and forward (down) by one week.",
            "moveFocustoStartAndEndOfWeek": "Go to the first or last day of a week.",
            "openThisPanel": "Open this panel.",
            "pageUpPageDown": "page up and page down keys",
            "questionMark": "Question mark",
            "returnFocusToInput": "Return to the date input field.",
            "selectFocusedDate": "Select the date in focus.",
            "showKeyboardShortcutsPanel": "Open the keyboard shortcuts panel.",
            "upArrowDownArrow": "up and down arrow keys",
          }
        }
        placeholder="Date"
        readOnly={false}
        regular={false}
        renderCalendarInfo={null}
        renderDayContents={null}
        renderMonthElement={null}
        renderMonthText={null}
        reopenPickerOnClearDate={false}
        required={false}
        screenReaderInputMessage=""
        showClearDate={false}
        showDefaultInputIcon={false}
        small={false}
        verticalHeight={null}
        verticalSpacing={22}
        weekDayFormat="dd"
        withFullScreenPortal={false}
        withPortal={false}
      />
    </div>
    <div
      className="pure-control-group"
    >
      <label
        htmlFor="description"
      >
        Descrição
      </label>
      <input
        name="description"
        onChange={[Function]}
        required={true}
        type="text"
        value=""
      />
    </div>
    <div
      className="pure-control-group"
    >
      <label
        htmlFor="amount"
      >
        Valor
      </label>
      <input
        min="0"
        name="amount"
        onChange={[Function]}
        required={true}
        step="0.01"
        type="number"
        value=""
      />
    </div>
    <div
      className="pure-controls"
    >
      <button
        className="pure-button button-success"
        type="submit"
      >
        Salvar
      </button>
    </div>
  </fieldset>
</form>
`;

exports[`should render error for invalid form submit 2`] = `
<form
  className="pure-form pure-form-aligned"
  onSubmit={[Function]}
>
  <fieldset>
    <div
      className="pure-control-group"
    >
      <label
        htmlFor="date"
      >
        Data
      </label>
      <withStyles(SingleDatePicker)
        anchorDirection="left"
        appendToBody={false}
        block={false}
        calendarInfoPosition="bottom"
        customCloseIcon={null}
        customInputIcon={null}
        date={"1970-01-01T00:00:00.000Z"}
        daySize={39}
        disableScroll={false}
        disabled={false}
        displayFormat={[Function]}
        enableOutsideDays={false}
        firstDayOfWeek={null}
        focused={false}
        hideKeyboardShortcutsPanel={false}
        horizontalMargin={0}
        horizontalMonthPadding={13}
        id="date"
        initialVisibleMonth={null}
        inputIconPosition="before"
        isDayBlocked={[Function]}
        isDayHighlighted={[Function]}
        isOutsideRange={[Function]}
        isRTL={false}
        keepFocusOnInput={false}
        keepOpenOnDateSelect={false}
        monthFormat="MMMM YYYY"
        navNext={null}
        navPrev={null}
        noBorder={false}
        numberOfMonths={1}
        onClose={[Function]}
        onDateChange={[Function]}
        onFocusChange={[Function]}
        onNextMonthClick={[Function]}
        onPrevMonthClick={[Function]}
        openDirection="down"
        orientation="horizontal"
        phrases={
          Object {
            "calendarLabel": "Calendar",
            "chooseAvailableDate": [Function],
            "clearDate": "Clear Date",
            "closeDatePicker": "Close",
            "dateIsSelected": [Function],
            "dateIsUnavailable": [Function],
            "enterKey": "Enter key",
            "escape": "Escape key",
            "hideKeyboardShortcutsPanel": "Close the shortcuts panel.",
            "homeEnd": "Home and end keys",
            "jumpToNextMonth": "Move forward to switch to the next month.",
            "jumpToPrevMonth": "Move backward to switch to the previous month.",
            "keyboardNavigationInstructions": "Press the down arrow key to interact with the calendar and
            select a date. Press the question mark key to get the keyboard shortcuts for changing dates.",
            "keyboardShortcuts": "Keyboard Shortcuts",
            "leftArrowRightArrow": "Right and left arrow keys",
            "moveFocusByOneDay": "Move backward (left) and forward (right) by one day.",
            "moveFocusByOneMonth": "Switch months.",
            "moveFocusByOneWeek": "Move backward (up) and forward (down) by one week.",
            "moveFocustoStartAndEndOfWeek": "Go to the first or last day of a week.",
            "openThisPanel": "Open this panel.",
            "pageUpPageDown": "page up and page down keys",
            "questionMark": "Question mark",
            "returnFocusToInput": "Return to the date input field.",
            "selectFocusedDate": "Select the date in focus.",
            "showKeyboardShortcutsPanel": "Open the keyboard shortcuts panel.",
            "upArrowDownArrow": "up and down arrow keys",
          }
        }
        placeholder="Date"
        readOnly={false}
        regular={false}
        renderCalendarInfo={null}
        renderDayContents={null}
        renderMonthElement={null}
        renderMonthText={null}
        reopenPickerOnClearDate={false}
        required={false}
        screenReaderInputMessage=""
        showClearDate={false}
        showDefaultInputIcon={false}
        small={false}
        verticalHeight={null}
        verticalSpacing={22}
        weekDayFormat="dd"
        withFullScreenPortal={false}
        withPortal={false}
      />
    </div>
    <div
      className="pure-control-group"
    >
      <label
        htmlFor="description"
      >
        Descrição
      </label>
      <input
        name="description"
        onChange={[Function]}
        required={true}
        type="text"
        value=""
      />
      <span
        className="pure-form-message-inline add-category-error"
      >
        adicione uma descrição
      </span>
    </div>
    <div
      className="pure-control-group"
    >
      <label
        htmlFor="amount"
      >
        Valor
      </label>
      <input
        min="0"
        name="amount"
        onChange={[Function]}
        required={true}
        step="0.01"
        type="number"
        value=""
      />
      <span
        className="pure-form-message-inline add-category-error"
      >
        adicione um valor
      </span>
    </div>
    <div
      className="pure-controls"
    >
      <button
        className="pure-button button-success"
        type="submit"
      >
        Salvar
      </button>
    </div>
  </fieldset>
</form>
`;

exports[`should set description on input change 1`] = `
<form
  className="pure-form pure-form-aligned"
  onSubmit={[Function]}
>
  <fieldset>
    <div
      className="pure-control-group"
    >
      <label
        htmlFor="date"
      >
        Data
      </label>
      <withStyles(SingleDatePicker)
        anchorDirection="left"
        appendToBody={false}
        block={false}
        calendarInfoPosition="bottom"
        customCloseIcon={null}
        customInputIcon={null}
        date={"1970-01-01T00:00:00.000Z"}
        daySize={39}
        disableScroll={false}
        disabled={false}
        displayFormat={[Function]}
        enableOutsideDays={false}
        firstDayOfWeek={null}
        focused={false}
        hideKeyboardShortcutsPanel={false}
        horizontalMargin={0}
        horizontalMonthPadding={13}
        id="date"
        initialVisibleMonth={null}
        inputIconPosition="before"
        isDayBlocked={[Function]}
        isDayHighlighted={[Function]}
        isOutsideRange={[Function]}
        isRTL={false}
        keepFocusOnInput={false}
        keepOpenOnDateSelect={false}
        monthFormat="MMMM YYYY"
        navNext={null}
        navPrev={null}
        noBorder={false}
        numberOfMonths={1}
        onClose={[Function]}
        onDateChange={[Function]}
        onFocusChange={[Function]}
        onNextMonthClick={[Function]}
        onPrevMonthClick={[Function]}
        openDirection="down"
        orientation="horizontal"
        phrases={
          Object {
            "calendarLabel": "Calendar",
            "chooseAvailableDate": [Function],
            "clearDate": "Clear Date",
            "closeDatePicker": "Close",
            "dateIsSelected": [Function],
            "dateIsUnavailable": [Function],
            "enterKey": "Enter key",
            "escape": "Escape key",
            "hideKeyboardShortcutsPanel": "Close the shortcuts panel.",
            "homeEnd": "Home and end keys",
            "jumpToNextMonth": "Move forward to switch to the next month.",
            "jumpToPrevMonth": "Move backward to switch to the previous month.",
            "keyboardNavigationInstructions": "Press the down arrow key to interact with the calendar and
            select a date. Press the question mark key to get the keyboard shortcuts for changing dates.",
            "keyboardShortcuts": "Keyboard Shortcuts",
            "leftArrowRightArrow": "Right and left arrow keys",
            "moveFocusByOneDay": "Move backward (left) and forward (right) by one day.",
            "moveFocusByOneMonth": "Switch months.",
            "moveFocusByOneWeek": "Move backward (up) and forward (down) by one week.",
            "moveFocustoStartAndEndOfWeek": "Go to the first or last day of a week.",
            "openThisPanel": "Open this panel.",
            "pageUpPageDown": "page up and page down keys",
            "questionMark": "Question mark",
            "returnFocusToInput": "Return to the date input field.",
            "selectFocusedDate": "Select the date in focus.",
            "showKeyboardShortcutsPanel": "Open the keyboard shortcuts panel.",
            "upArrowDownArrow": "up and down arrow keys",
          }
        }
        placeholder="Date"
        readOnly={false}
        regular={false}
        renderCalendarInfo={null}
        renderDayContents={null}
        renderMonthElement={null}
        renderMonthText={null}
        reopenPickerOnClearDate={false}
        required={false}
        screenReaderInputMessage=""
        showClearDate={false}
        showDefaultInputIcon={false}
        small={false}
        verticalHeight={null}
        verticalSpacing={22}
        weekDayFormat="dd"
        withFullScreenPortal={false}
        withPortal={false}
      />
    </div>
    <div
      className="pure-control-group"
    >
      <label
        htmlFor="description"
      >
        Descrição
      </label>
      <input
        name="description"
        onChange={[Function]}
        required={true}
        type="text"
        value=""
      />
    </div>
    <div
      className="pure-control-group"
    >
      <label
        htmlFor="amount"
      >
        Valor
      </label>
      <input
        min="0"
        name="amount"
        onChange={[Function]}
        required={true}
        step="0.01"
        type="number"
        value=""
      />
    </div>
    <div
      className="pure-controls"
    >
      <button
        className="pure-button button-success"
        type="submit"
      >
        Salvar
      </button>
    </div>
  </fieldset>
</form>
`;

exports[`should set description on input change 2`] = `
<form
  className="pure-form pure-form-aligned"
  onSubmit={[Function]}
>
  <fieldset>
    <div
      className="pure-control-group"
    >
      <label
        htmlFor="date"
      >
        Data
      </label>
      <withStyles(SingleDatePicker)
        anchorDirection="left"
        appendToBody={false}
        block={false}
        calendarInfoPosition="bottom"
        customCloseIcon={null}
        customInputIcon={null}
        date={"1970-01-01T00:00:00.000Z"}
        daySize={39}
        disableScroll={false}
        disabled={false}
        displayFormat={[Function]}
        enableOutsideDays={false}
        firstDayOfWeek={null}
        focused={false}
        hideKeyboardShortcutsPanel={false}
        horizontalMargin={0}
        horizontalMonthPadding={13}
        id="date"
        initialVisibleMonth={null}
        inputIconPosition="before"
        isDayBlocked={[Function]}
        isDayHighlighted={[Function]}
        isOutsideRange={[Function]}
        isRTL={false}
        keepFocusOnInput={false}
        keepOpenOnDateSelect={false}
        monthFormat="MMMM YYYY"
        navNext={null}
        navPrev={null}
        noBorder={false}
        numberOfMonths={1}
        onClose={[Function]}
        onDateChange={[Function]}
        onFocusChange={[Function]}
        onNextMonthClick={[Function]}
        onPrevMonthClick={[Function]}
        openDirection="down"
        orientation="horizontal"
        phrases={
          Object {
            "calendarLabel": "Calendar",
            "chooseAvailableDate": [Function],
            "clearDate": "Clear Date",
            "closeDatePicker": "Close",
            "dateIsSelected": [Function],
            "dateIsUnavailable": [Function],
            "enterKey": "Enter key",
            "escape": "Escape key",
            "hideKeyboardShortcutsPanel": "Close the shortcuts panel.",
            "homeEnd": "Home and end keys",
            "jumpToNextMonth": "Move forward to switch to the next month.",
            "jumpToPrevMonth": "Move backward to switch to the previous month.",
            "keyboardNavigationInstructions": "Press the down arrow key to interact with the calendar and
            select a date. Press the question mark key to get the keyboard shortcuts for changing dates.",
            "keyboardShortcuts": "Keyboard Shortcuts",
            "leftArrowRightArrow": "Right and left arrow keys",
            "moveFocusByOneDay": "Move backward (left) and forward (right) by one day.",
            "moveFocusByOneMonth": "Switch months.",
            "moveFocusByOneWeek": "Move backward (up) and forward (down) by one week.",
            "moveFocustoStartAndEndOfWeek": "Go to the first or last day of a week.",
            "openThisPanel": "Open this panel.",
            "pageUpPageDown": "page up and page down keys",
            "questionMark": "Question mark",
            "returnFocusToInput": "Return to the date input field.",
            "selectFocusedDate": "Select the date in focus.",
            "showKeyboardShortcutsPanel": "Open the keyboard shortcuts panel.",
            "upArrowDownArrow": "up and down arrow keys",
          }
        }
        placeholder="Date"
        readOnly={false}
        regular={false}
        renderCalendarInfo={null}
        renderDayContents={null}
        renderMonthElement={null}
        renderMonthText={null}
        reopenPickerOnClearDate={false}
        required={false}
        screenReaderInputMessage=""
        showClearDate={false}
        showDefaultInputIcon={false}
        small={false}
        verticalHeight={null}
        verticalSpacing={22}
        weekDayFormat="dd"
        withFullScreenPortal={false}
        withPortal={false}
      />
    </div>
    <div
      className="pure-control-group"
    >
      <label
        htmlFor="description"
      >
        Descrição
      </label>
      <input
        name="description"
        onChange={[Function]}
        required={true}
        type="text"
        value="new description"
      />
    </div>
    <div
      className="pure-control-group"
    >
      <label
        htmlFor="amount"
      >
        Valor
      </label>
      <input
        min="0"
        name="amount"
        onChange={[Function]}
        required={true}
        step="0.01"
        type="number"
        value=""
      />
    </div>
    <div
      className="pure-controls"
    >
      <button
        className="pure-button button-success"
        type="submit"
      >
        Salvar
      </button>
    </div>
  </fieldset>
</form>
`;

exports[`should set value on input change 1`] = `
<form
  className="pure-form pure-form-aligned"
  onSubmit={[Function]}
>
  <fieldset>
    <div
      className="pure-control-group"
    >
      <label
        htmlFor="date"
      >
        Data
      </label>
      <withStyles(SingleDatePicker)
        anchorDirection="left"
        appendToBody={false}
        block={false}
        calendarInfoPosition="bottom"
        customCloseIcon={null}
        customInputIcon={null}
        date={"1970-01-01T00:00:00.000Z"}
        daySize={39}
        disableScroll={false}
        disabled={false}
        displayFormat={[Function]}
        enableOutsideDays={false}
        firstDayOfWeek={null}
        focused={false}
        hideKeyboardShortcutsPanel={false}
        horizontalMargin={0}
        horizontalMonthPadding={13}
        id="date"
        initialVisibleMonth={null}
        inputIconPosition="before"
        isDayBlocked={[Function]}
        isDayHighlighted={[Function]}
        isOutsideRange={[Function]}
        isRTL={false}
        keepFocusOnInput={false}
        keepOpenOnDateSelect={false}
        monthFormat="MMMM YYYY"
        navNext={null}
        navPrev={null}
        noBorder={false}
        numberOfMonths={1}
        onClose={[Function]}
        onDateChange={[Function]}
        onFocusChange={[Function]}
        onNextMonthClick={[Function]}
        onPrevMonthClick={[Function]}
        openDirection="down"
        orientation="horizontal"
        phrases={
          Object {
            "calendarLabel": "Calendar",
            "chooseAvailableDate": [Function],
            "clearDate": "Clear Date",
            "closeDatePicker": "Close",
            "dateIsSelected": [Function],
            "dateIsUnavailable": [Function],
            "enterKey": "Enter key",
            "escape": "Escape key",
            "hideKeyboardShortcutsPanel": "Close the shortcuts panel.",
            "homeEnd": "Home and end keys",
            "jumpToNextMonth": "Move forward to switch to the next month.",
            "jumpToPrevMonth": "Move backward to switch to the previous month.",
            "keyboardNavigationInstructions": "Press the down arrow key to interact with the calendar and
            select a date. Press the question mark key to get the keyboard shortcuts for changing dates.",
            "keyboardShortcuts": "Keyboard Shortcuts",
            "leftArrowRightArrow": "Right and left arrow keys",
            "moveFocusByOneDay": "Move backward (left) and forward (right) by one day.",
            "moveFocusByOneMonth": "Switch months.",
            "moveFocusByOneWeek": "Move backward (up) and forward (down) by one week.",
            "moveFocustoStartAndEndOfWeek": "Go to the first or last day of a week.",
            "openThisPanel": "Open this panel.",
            "pageUpPageDown": "page up and page down keys",
            "questionMark": "Question mark",
            "returnFocusToInput": "Return to the date input field.",
            "selectFocusedDate": "Select the date in focus.",
            "showKeyboardShortcutsPanel": "Open the keyboard shortcuts panel.",
            "upArrowDownArrow": "up and down arrow keys",
          }
        }
        placeholder="Date"
        readOnly={false}
        regular={false}
        renderCalendarInfo={null}
        renderDayContents={null}
        renderMonthElement={null}
        renderMonthText={null}
        reopenPickerOnClearDate={false}
        required={false}
        screenReaderInputMessage=""
        showClearDate={false}
        showDefaultInputIcon={false}
        small={false}
        verticalHeight={null}
        verticalSpacing={22}
        weekDayFormat="dd"
        withFullScreenPortal={false}
        withPortal={false}
      />
    </div>
    <div
      className="pure-control-group"
    >
      <label
        htmlFor="description"
      >
        Descrição
      </label>
      <input
        name="description"
        onChange={[Function]}
        required={true}
        type="text"
        value=""
      />
    </div>
    <div
      className="pure-control-group"
    >
      <label
        htmlFor="amount"
      >
        Valor
      </label>
      <input
        min="0"
        name="amount"
        onChange={[Function]}
        required={true}
        step="0.01"
        type="number"
        value=""
      />
    </div>
    <div
      className="pure-controls"
    >
      <button
        className="pure-button button-success"
        type="submit"
      >
        Salvar
      </button>
    </div>
  </fieldset>
</form>
`;

exports[`should set value on input change 2`] = `
<form
  className="pure-form pure-form-aligned"
  onSubmit={[Function]}
>
  <fieldset>
    <div
      className="pure-control-group"
    >
      <label
        htmlFor="date"
      >
        Data
      </label>
      <withStyles(SingleDatePicker)
        anchorDirection="left"
        appendToBody={false}
        block={false}
        calendarInfoPosition="bottom"
        customCloseIcon={null}
        customInputIcon={null}
        date={"1970-01-01T00:00:00.000Z"}
        daySize={39}
        disableScroll={false}
        disabled={false}
        displayFormat={[Function]}
        enableOutsideDays={false}
        firstDayOfWeek={null}
        focused={false}
        hideKeyboardShortcutsPanel={false}
        horizontalMargin={0}
        horizontalMonthPadding={13}
        id="date"
        initialVisibleMonth={null}
        inputIconPosition="before"
        isDayBlocked={[Function]}
        isDayHighlighted={[Function]}
        isOutsideRange={[Function]}
        isRTL={false}
        keepFocusOnInput={false}
        keepOpenOnDateSelect={false}
        monthFormat="MMMM YYYY"
        navNext={null}
        navPrev={null}
        noBorder={false}
        numberOfMonths={1}
        onClose={[Function]}
        onDateChange={[Function]}
        onFocusChange={[Function]}
        onNextMonthClick={[Function]}
        onPrevMonthClick={[Function]}
        openDirection="down"
        orientation="horizontal"
        phrases={
          Object {
            "calendarLabel": "Calendar",
            "chooseAvailableDate": [Function],
            "clearDate": "Clear Date",
            "closeDatePicker": "Close",
            "dateIsSelected": [Function],
            "dateIsUnavailable": [Function],
            "enterKey": "Enter key",
            "escape": "Escape key",
            "hideKeyboardShortcutsPanel": "Close the shortcuts panel.",
            "homeEnd": "Home and end keys",
            "jumpToNextMonth": "Move forward to switch to the next month.",
            "jumpToPrevMonth": "Move backward to switch to the previous month.",
            "keyboardNavigationInstructions": "Press the down arrow key to interact with the calendar and
            select a date. Press the question mark key to get the keyboard shortcuts for changing dates.",
            "keyboardShortcuts": "Keyboard Shortcuts",
            "leftArrowRightArrow": "Right and left arrow keys",
            "moveFocusByOneDay": "Move backward (left) and forward (right) by one day.",
            "moveFocusByOneMonth": "Switch months.",
            "moveFocusByOneWeek": "Move backward (up) and forward (down) by one week.",
            "moveFocustoStartAndEndOfWeek": "Go to the first or last day of a week.",
            "openThisPanel": "Open this panel.",
            "pageUpPageDown": "page up and page down keys",
            "questionMark": "Question mark",
            "returnFocusToInput": "Return to the date input field.",
            "selectFocusedDate": "Select the date in focus.",
            "showKeyboardShortcutsPanel": "Open the keyboard shortcuts panel.",
            "upArrowDownArrow": "up and down arrow keys",
          }
        }
        placeholder="Date"
        readOnly={false}
        regular={false}
        renderCalendarInfo={null}
        renderDayContents={null}
        renderMonthElement={null}
        renderMonthText={null}
        reopenPickerOnClearDate={false}
        required={false}
        screenReaderInputMessage=""
        showClearDate={false}
        showDefaultInputIcon={false}
        small={false}
        verticalHeight={null}
        verticalSpacing={22}
        weekDayFormat="dd"
        withFullScreenPortal={false}
        withPortal={false}
      />
    </div>
    <div
      className="pure-control-group"
    >
      <label
        htmlFor="description"
      >
        Descrição
      </label>
      <input
        name="description"
        onChange={[Function]}
        required={true}
        type="text"
        value=""
      />
    </div>
    <div
      className="pure-control-group"
    >
      <label
        htmlFor="amount"
      >
        Valor
      </label>
      <input
        min="0"
        name="amount"
        onChange={[Function]}
        required={true}
        step="0.01"
        type="number"
        value=""
      />
    </div>
    <div
      className="pure-controls"
    >
      <button
        className="pure-button button-success"
        type="submit"
      >
        Salvar
      </button>
    </div>
  </fieldset>
</form>
`;
