// Jest Snapshot v1, https://goo.gl/fbAQLP

exports[`should render Item with expense 1`] = `
<tr>
  <td
    className="table__element"
  >
    <Link
      replace={false}
      to="/expenses/edit/0"
    >
      Gum
    </Link>
  </td>
  <td>
    $32.50
  </td>
  <td>
    01/01/1970
  </td>
</tr>
`;
